
Pass 1
Line Statement                                Locn Opcode Addr  T  S          Dec Sex       Hex      
---- ---------                                ---- ------ ----  -  -          --- ---       ---      
   1 ; asm_test3.asm                          
   2 ; .word tests with expressions           
   3 ; positives                              
   4 .word 0                                  
   5 .word 23+14      ; LSB will be set to ze 
   6 .word 37//2      ; integer division (flo 
   7 .word 2**31      ; should come through u 
   8 .word 2**32      ; will be chopped and L 
   9 .word 0x0f0f0f0f ; LSB will be set to ze 
  10 .word 0xf0f0f0f0 ; should come through u 
  11 .word -37//2     ; will be chopped and L 
  12 .word -1025      ; will be chopped and L 
  13 .word -(2**31+1) ; will be chopped and L 
  14 .word -2**32     ; will be chopped and L 
  15 ; negatives                              
  16 .word 23.5       ; non-integer           
  17 .word 37/2       ; non-integer           

Symbol Table:
------ ------

Pass 2
Line Statement                                Locn Opcode Addr  T  S          Dec Sex       Hex      
---- ---------                                ---- ------ ----  -  -          --- ---       ---      
   1 ; asm_test3.asm                          
   2 ; .word tests with expressions           
   3 ; positives                              
   4 .word 0                                     0                              0 0000 0000 0000 0000
   5 .word 23+14      ; LSB will be set to ze    1                             36 0000 0024 0000 0024
   6 .word 37//2      ; integer division (flo    2                             18 0000 0012 0000 0012
   7 .word 2**31      ; should come through u    3                     2147483648 8000 0000 8000 0000
   8 .word 2**32      ; will be chopped and L    4                              0 0000 0000 0000 0000
   9 .word 0x0f0f0f0f ; LSB will be set to ze    5                      252645134 0w0w 0w0q 0f0f 0f0e
  10 .word 0xf0f0f0f0 ; should come through u    6                     4042322160 w0w0 w0w0 f0f0 f0f0
  11 .word -37//2     ; will be chopped and L    7                     4294967276 wwww wwqj ffff ffec
  12 .word -1025      ; will be chopped and L    8                     4294966270 wwww wgwq ffff fbfe
  13 .word -(2**31+1) ; will be chopped and L    9                     2147483646 7www wwwq 7fff fffe
  14 .word -2**32     ; will be chopped and L   10                              0 0000 0000 0000 0000
  15 ; negatives                              
  16 .word 23.5       ; non-integer           Error: Line 16 - Non-integer expression: 23.5
  17 .word 37/2       ; non-integer           Error: Line 17 - Non-integer expression: 37/2

Symbol Table:
------ ------
