
Pass 1
Line Statement                                Locn Opcode Addr  T  S          Dec Sex       Hex      
---- ---------                                ---- ------ ----  -  -          --- ---       ---      
   1 ; asm_test2.asm                          
   2 ; .locn and label tests                  
   3 ; positive                               
   4 .locn 1000                               locn = 1000
   5 start:                                   
   6     b a                                  
   7     a b                                  
   8 .locn 1100                               locn = 1100
   9 a: .word 0                               
  10 b: .word 0                               
  11 ; negative                               
  12 a: ; duplicate label                     Error: Line 12 - Multiply defined symbol: a
  13 .locn 5000      ; bad address            Error: Line 13 - Illegal address value: 5000
  14 .locn -1        ; bad address            Error: Line 14 - Illegal address value: -1
  15 .locn 3.5       ; bad address            Error: Line 15 - Non-integer expression: 3.5
  16 .locn 3000+2000 ; bad address            Error: Line 16 - Illegal address value: 5000
  17 .locn 2&33//4d  ; bad adress expression  Error: Line 17 - Invalid expression: 2&33//4d

Symbol Table:
------ ------
start        :         1000
a            :         1100
b            :         1101

Pass 2
Line Statement                                Locn Opcode Addr  T  S          Dec Sex       Hex      
---- ---------                                ---- ------ ----  -  -          --- ---       ---      
   1 ; asm_test2.asm                          
   2 ; .locn and label tests                  
   3 ; positive                               
   4 .locn 1000                               locn = 1000
   5 start:                                   
   6     b a                                  1000 b      1100 17 12        69936 0001 1130 0001 1130
   7     a b                                  1001 a      1101 17 13       921908 000q 1134 000e 1134
   8 .locn 1100                               locn = 1100
   9 a: .word 0                               1100                              0 0000 0000 0000 0000
  10 b: .word 0                               1101                              0 0000 0000 0000 0000
  11 ; negative                               
  12 a: ; duplicate label                     
  13 .locn 5000      ; bad address            Error: Line 13 - Illegal address value: 5000
  14 .locn -1        ; bad address            Error: Line 14 - Illegal address value: -1
  15 .locn 3.5       ; bad address            Error: Line 15 - Non-integer expression: 3.5
  16 .locn 3000+2000 ; bad address            Error: Line 16 - Illegal address value: 5000
  17 .locn 2&33//4d  ; bad adress expression  Error: Line 17 - Invalid expression: 2&33//4d

Symbol Table:
------ ------
start        :         1000
a            :         1100
b            :         1101
