
Pass 1
Line Statement                                Locn Opcode Addr  T  S          Dec Sex       Hex      
---- ---------                                ---- ------ ----  -  -          --- ---       ---      
   1 ; asm_test1.asm                          
   2 ; LGP-30 instructions                    
   3 ; positives                              
   4     b 2000                               
   5     h 2001                               
   6     c 2002                               
   7     a 2003                               
   8     s 2004                               
   9     m 2005                               
  10     n 2006                               
  11     d 2007                               
  12     e 2008                               
  13     y 2009                               
  14     r 2010                               
  15     u 2011                               
  16     t 2012                               
  17     z 32                                 
  18     p 3                                  
  19     i 0                                  

Symbol Table:
------ ------

Pass 2
Line Statement                                Locn Opcode Addr  T  S          Dec Sex       Hex      
---- ---------                                ---- ------ ----  -  -          --- ---       ---      
   1 ; asm_test1.asm                          
   2 ; LGP-30 instructions                    
   3 ; positives                              
   4     b 2000                                  0 b      2000 31 16        73536 0001 1w40 0001 1f40
   5     h 2001                                  1 h      2001 31 17       794436 000j 1w44 000c 1f44
   6     c 2002                                  2 c      2002 31 18       859976 000k 1w48 000d 1f48
   7     a 2003                                  3 a      2003 31 19       925516 000q 1w4j 000e 1f4c
   8     s 2004                                  4 s      2004 31 20       991056 000w 1w50 000f 1f50
   9     m 2005                                  5 m      2005 31 21       466772 0007 1w54 0007 1f54
  10     n 2006                                  6 n      2006 31 22       401240 0006 1w58 0006 1f58
  11     d 2007                                  7 d      2007 31 23       335708 0005 1w5j 0005 1f5c
  12     e 2008                                  8 e      2008 31 24       597856 0009 1w60 0009 1f60
  13     y 2009                                  9 y      2009 31 25       139108 0002 1w64 0002 1f64
  14     r 2010                                 10 r      2010 31 26       204648 0003 1w68 0003 1f68
  15     u 2011                                 11 u      2011 31 27       663404 000f 1w6j 000a 1f6c
  16     t 2012                                 12 t      2012 31 28       728944 000g 1w70 000b 1f70
  17     z 32                                   13 z      2048 32  0         8192 0000 2000 0000 2000
  18     p 3                                    14 p       192  3  0       525056 0008 0300 0008 0300
  19     i 0                                    15 i         0  0  0       262144 0004 0000 0004 0000

Symbol Table:
------ ------
